25/07/2020 11:03:25  Error: 
25/07/2020 11:03:25  Kritischer Fehler!!!!!: 
25/07/2020 11:03:25   * Running on http://127.0.0.1:1337/ (Press CTRL+C to quit)
25/07/2020 11:03:25   * Restarting with stat
25/07/2020 11:03:26  Error: 
25/07/2020 11:03:26  Kritischer Fehler!!!!!: 
25/07/2020 11:03:26   * Debugger is active!
25/07/2020 11:03:26   * Debugger PIN: 601-973-732
25/07/2020 13:28:16  Error: 
25/07/2020 13:28:16  Kritischer Fehler!!!!!: 
25/07/2020 13:28:16   * Running on http://127.0.0.1:1337/ (Press CTRL+C to quit)
25/07/2020 13:28:16   * Restarting with stat
25/07/2020 13:28:17  Error: 
25/07/2020 13:28:17  Kritischer Fehler!!!!!: 
25/07/2020 13:28:17   * Debugger is active!
25/07/2020 13:28:17   * Debugger PIN: 200-734-680
25/07/2020 13:28:29  127.0.0.1 - - [25/Jul/2020 13:28:29] "[37mGET / HTTP/1.1[0m" 200 -
25/07/2020 13:28:42  127.0.0.1 - - [25/Jul/2020 13:28:42] "[35m[1mGET /login HTTP/1.1[0m" 500 -
25/07/2020 13:28:42  127.0.0.1 - - [25/Jul/2020 13:28:42] "[37mGET /login?__debugger__=yes&cmd=resource&f=style.css HTTP/1.1[0m" 200 -
25/07/2020 13:28:42  127.0.0.1 - - [25/Jul/2020 13:28:42] "[37mGET /login?__debugger__=yes&cmd=resource&f=jquery.js HTTP/1.1[0m" 200 -
25/07/2020 13:28:42  127.0.0.1 - - [25/Jul/2020 13:28:42] "[37mGET /login?__debugger__=yes&cmd=resource&f=debugger.js HTTP/1.1[0m" 200 -
25/07/2020 13:28:42  127.0.0.1 - - [25/Jul/2020 13:28:42] "[37mGET /login?__debugger__=yes&cmd=resource&f=ubuntu.ttf HTTP/1.1[0m" 200 -
25/07/2020 13:28:42  127.0.0.1 - - [25/Jul/2020 13:28:42] "[37mGET /login?__debugger__=yes&cmd=resource&f=console.png HTTP/1.1[0m" 200 -
25/07/2020 13:28:42  127.0.0.1 - - [25/Jul/2020 13:28:42] "[37mGET /login?__debugger__=yes&cmd=resource&f=console.png HTTP/1.1[0m" 200 -
25/07/2020 13:31:05  Error: 
25/07/2020 13:31:05  Kritischer Fehler!!!!!: 
25/07/2020 13:31:06   * Running on http://127.0.0.1:1337/ (Press CTRL+C to quit)
25/07/2020 13:31:06   * Restarting with stat
25/07/2020 13:31:06  Error: 
25/07/2020 13:31:06  Kritischer Fehler!!!!!: 
25/07/2020 13:31:06   * Debugger is active!
25/07/2020 13:31:06   * Debugger PIN: 200-734-680
25/07/2020 13:31:26  127.0.0.1 - - [25/Jul/2020 13:31:26] "[35m[1mGET /login HTTP/1.1[0m" 500 -
25/07/2020 13:31:26  127.0.0.1 - - [25/Jul/2020 13:31:26] "[37mGET /login?__debugger__=yes&cmd=resource&f=style.css HTTP/1.1[0m" 200 -
25/07/2020 13:31:26  127.0.0.1 - - [25/Jul/2020 13:31:26] "[37mGET /login?__debugger__=yes&cmd=resource&f=jquery.js HTTP/1.1[0m" 200 -
25/07/2020 13:31:26  127.0.0.1 - - [25/Jul/2020 13:31:26] "[37mGET /login?__debugger__=yes&cmd=resource&f=debugger.js HTTP/1.1[0m" 200 -
25/07/2020 13:31:26  127.0.0.1 - - [25/Jul/2020 13:31:26] "[37mGET /login?__debugger__=yes&cmd=resource&f=console.png HTTP/1.1[0m" 200 -
25/07/2020 13:35:30   * Detected change in '/home/aboro72/PycharmProjects/flask-pos/start.py', reloading
25/07/2020 13:35:30   * Restarting with stat
25/07/2020 15:17:06  Error: 
25/07/2020 15:17:06  Kritischer Fehler!!!!!: 
25/07/2020 15:17:06   * Running on http://127.0.0.1:1337/ (Press CTRL+C to quit)
25/07/2020 15:17:06   * Restarting with stat
25/07/2020 15:17:06  Error: 
25/07/2020 15:17:06  Kritischer Fehler!!!!!: 
25/07/2020 15:17:06   * Debugger is active!
25/07/2020 15:17:06   * Debugger PIN: 480-864-475
